Product: MDK-ARM Professional 5.10
Component: ARM Compiler 5.04 update 1 (build 49)
Tool: armlink [5040049]

==============================================================================

Section Cross References

    stm32f10x_gpio.o(.text) refers to stm32f10x_rcc.o(.text) for RCC_APB2PeriphResetCmd
    stm32f10x_rcc.o(.text) refers to stm32f10x_rcc.o(.constdata) for APBAHBPrescTable
    stm32f10x_adc.o(.text) refers to stm32f10x_rcc.o(.text) for RCC_APB2PeriphResetCmd
    stm32f10x_nvic.o(.text) refers to cortexm3_macro.o(.text) for __SETPRIMASK
    stm32f10x_usart.o(.text) refers to stm32f10x_rcc.o(.text) for RCC_APB2PeriphResetCmd
    stm32f10x_tim.o(.text) refers to stm32f10x_rcc.o(.text) for RCC_APB2PeriphResetCmd
    stm32f10x_vector.o(STACK) refers (Special) to heapauxi.o(.text) for __use_two_region_memory
    stm32f10x_vector.o(HEAP) refers (Special) to heapauxi.o(.text) for __use_two_region_memory
    stm32f10x_vector.o(RESET) refers (Special) to heapauxi.o(.text) for __use_two_region_memory
    stm32f10x_vector.o(RESET) refers to stm32f10x_vector.o(STACK) for __initial_sp
    stm32f10x_vector.o(RESET) refers to stm32f10x_vector.o(.text) for Reset_Handler
    stm32f10x_vector.o(RESET) refers to stm32f10x_it.o(.text) for NMIException
    stm32f10x_vector.o(RESET) refers to main.o(.text) for DMA1_Channel7_IRQHandler
    stm32f10x_vector.o(.text) refers (Special) to heapauxi.o(.text) for __use_two_region_memory
    stm32f10x_vector.o(.text) refers to __main.o(!!!main) for __main
    stm32f10x_vector.o(.text) refers to stm32f10x_vector.o(HEAP) for Heap_Mem
    stm32f10x_vector.o(.text) refers to stm32f10x_vector.o(STACK) for Stack_Mem
    main.o(.text) refers to stm32f10x_rcc.o(.text) for RCC_DeInit
    main.o(.text) refers to stm32f10x_flash.o(.text) for FLASH_SetLatency
    main.o(.text) refers to stm32f10x_systick.o(.text) for SysTick_CounterCmd
    main.o(.text) refers to stm32f10x_gpio.o(.text) for GPIO_Init
    main.o(.text) refers to stm32f10x_usart.o(.text) for USART_Init
    main.o(.text) refers to stm32f10x_tim.o(.text) for TIM_TimeBaseInit
    main.o(.text) refers to stm32f10x_dma.o(.text) for DMA_DeInit
    main.o(.text) refers to stm32f10x_nvic.o(.text) for NVIC_PriorityGroupConfig
    main.o(.text) refers to main.o(.data) for WS2812_IO_High
    main.o(.text) refers to main.o(.bss) for WS2812_IO_framedata
    main.o(.text) refers to atoi.o(.text) for atoi
    atoi.o(.text) refers to rt_errno_addr_intlibspace.o(.text) for __aeabi_errno_addr
    atoi.o(.text) refers to strtol.o(.text) for strtol
    __main.o(!!!main) refers to rtentry.o(.ARM.Collect$$rtentry$$00000000) for __rt_entry
    rtentry.o(.ARM.Collect$$rtentry$$00000000) refers (Special) to rtentry2.o(.ARM.Collect$$rtentry$$0000000A) for __rt_entry_li
    rtentry.o(.ARM.Collect$$rtentry$$00000000) refers (Special) to rtentry2.o(.ARM.Collect$$rtentry$$0000000D) for __rt_entry_main
    rtentry.o(.ARM.Collect$$rtentry$$00000000) refers (Special) to rtentry2.o(.ARM.Collect$$rtentry$$0000000C) for __rt_entry_postli_1
    rtentry.o(.ARM.Collect$$rtentry$$00000000) refers (Special) to rtentry2.o(.ARM.Collect$$rtentry$$00000009) for __rt_entry_postsh_1
    rtentry.o(.ARM.Collect$$rtentry$$00000000) refers (Special) to rtentry2.o(.ARM.Collect$$rtentry$$00000002) for __rt_entry_presh_1
    rtentry.o(.ARM.Collect$$rtentry$$00000000) refers (Special) to rtentry4.o(.ARM.Collect$$rtentry$$00000004) for __rt_entry_sh
    rt_errno_addr.o(.text) refers to rt_errno_addr.o(.bss) for __aeabi_errno_addr_data
    rt_errno_addr_intlibspace.o(.text) refers to libspace.o(.bss) for __libspace_start
    strtol.o(.text) refers to rt_ctype_table.o(.text) for __rt_ctype_table
    strtol.o(.text) refers to _strtoul.o(.text) for _strtoul
    strtol.o(.text) refers to rt_errno_addr_intlibspace.o(.text) for __aeabi_errno_addr
    libspace.o(.text) refers to libspace.o(.bss) for __libspace_start
    rtentry2.o(.ARM.Collect$$rtentry$$00000008) refers to boardinit2.o(.text) for _platform_post_stackheap_init
    rtentry2.o(.ARM.Collect$$rtentry$$0000000A) refers to libinit.o(.ARM.Collect$$libinit$$00000000) for __rt_lib_init
    rtentry2.o(.ARM.Collect$$rtentry$$0000000B) refers to boardinit3.o(.text) for _platform_post_lib_init
    rtentry2.o(.ARM.Collect$$rtentry$$0000000D) refers to main.o(.text) for main
    rtentry2.o(.ARM.Collect$$rtentry$$0000000D) refers to exit.o(.text) for exit
    rtentry2.o(.ARM.exidx) refers to rtentry2.o(.ARM.Collect$$rtentry$$00000001) for .ARM.Collect$$rtentry$$00000001
    rtentry2.o(.ARM.exidx) refers to rtentry2.o(.ARM.Collect$$rtentry$$00000008) for .ARM.Collect$$rtentry$$00000008
    rtentry2.o(.ARM.exidx) refers to rtentry2.o(.ARM.Collect$$rtentry$$0000000A) for .ARM.Collect$$rtentry$$0000000A
    rtentry2.o(.ARM.exidx) refers to rtentry2.o(.ARM.Collect$$rtentry$$0000000B) for .ARM.Collect$$rtentry$$0000000B
    rtentry2.o(.ARM.exidx) refers to rtentry2.o(.ARM.Collect$$rtentry$$0000000D) for .ARM.Collect$$rtentry$$0000000D
    rtentry4.o(.ARM.Collect$$rtentry$$00000004) refers to sys_stackheap_outer.o(.text) for __user_setup_stackheap
    rtentry4.o(.ARM.exidx) refers to rtentry4.o(.ARM.Collect$$rtentry$$00000004) for .ARM.Collect$$rtentry$$00000004
    rt_ctype_table.o(.text) refers to rt_locale_intlibspace.o(.text) for __rt_locale
    rt_ctype_table.o(.text) refers to lc_ctype_c.o(locale$$code) for _get_lc_ctype
    _strtoul.o(.text) refers to _chval.o(.text) for _chval
    _strtoul.o(.text) refers to rt_errno_addr_intlibspace.o(.text) for __aeabi_errno_addr
    sys_stackheap_outer.o(.text) refers to libspace.o(.text) for __user_perproc_libspace
    sys_stackheap_outer.o(.text) refers to stm32f10x_vector.o(.text) for __user_initial_stackheap
    rt_locale.o(.text) refers to rt_locale.o(.bss) for __rt_locale_data
    rt_locale_intlibspace.o(.text) refers to libspace.o(.bss) for __libspace_start
    lc_ctype_c.o(locale$$data) refers (Special) to libinit2.o(.ARM.Collect$$libinit$$00000010) for __rt_lib_init_lc_ctype_2
    lc_ctype_c.o(locale$$code) refers (Special) to libinit2.o(.ARM.Collect$$libinit$$00000010) for __rt_lib_init_lc_ctype_2
    lc_ctype_c.o(locale$$code) refers to strcmpv7m.o(.text) for strcmp
    lc_ctype_c.o(locale$$code) refers to lc_ctype_c.o(locale$$data) for __lcctype_c_name
    exit.o(.text) refers to rtexit.o(.ARM.Collect$$rtexit$$00000000) for __rt_exit
    libinit.o(.ARM.Collect$$libinit$$00000000) refers (Special) to libinit2.o(.ARM.Collect$$libinit$$0000002C) for __rt_lib_init_alloca_1
    libinit.o(.ARM.Collect$$libinit$$00000000) refers (Special) to libinit2.o(.ARM.Collect$$libinit$$0000002A) for __rt_lib_init_argv_1
    libinit.o(.ARM.Collect$$libinit$$00000000) refers (Special) to libinit2.o(.ARM.Collect$$libinit$$00000019) for __rt_lib_init_atexit_1
    libinit.o(.ARM.Collect$$libinit$$00000000) refers (Special) to libinit2.o(.ARM.Collect$$libinit$$0000001F) for __rt_lib_init_clock_1
    libinit.o(.ARM.Collect$$libinit$$00000000) refers (Special) to libinit2.o(.ARM.Collect$$libinit$$00000030) for __rt_lib_init_cpp_1
    libinit.o(.ARM.Collect$$libinit$$00000000) refers (Special) to libinit2.o(.ARM.Collect$$libinit$$0000002E) for __rt_lib_init_exceptions_1
    libinit.o(.ARM.Collect$$libinit$$00000000) refers (Special) to libinit2.o(.ARM.Collect$$libinit$$00000002) for __rt_lib_init_fp_1
    libinit.o(.ARM.Collect$$libinit$$00000000) refers (Special) to libinit2.o(.ARM.Collect$$libinit$$0000001D) for __rt_lib_init_fp_trap_1
    libinit.o(.ARM.Collect$$libinit$$00000000) refers (Special) to libinit2.o(.ARM.Collect$$libinit$$00000021) for __rt_lib_init_getenv_1
    libinit.o(.ARM.Collect$$libinit$$00000000) refers (Special) to libinit2.o(.ARM.Collect$$libinit$$00000008) for __rt_lib_init_heap_1
    libinit.o(.ARM.Collect$$libinit$$00000000) refers (Special) to libinit2.o(.ARM.Collect$$libinit$$0000000F) for __rt_lib_init_lc_collate_1
    libinit.o(.ARM.Collect$$libinit$$00000000) refers (Special) to libinit2.o(.ARM.Collect$$libinit$$00000011) for __rt_lib_init_lc_ctype_1
    libinit.o(.ARM.Collect$$libinit$$00000000) refers (Special) to libinit2.o(.ARM.Collect$$libinit$$00000013) for __rt_lib_init_lc_monetary_1
    libinit.o(.ARM.Collect$$libinit$$00000000) refers (Special) to libinit2.o(.ARM.Collect$$libinit$$00000015) for __rt_lib_init_lc_numeric_1
    libinit.o(.ARM.Collect$$libinit$$00000000) refers (Special) to libinit2.o(.ARM.Collect$$libinit$$00000017) for __rt_lib_init_lc_time_1
    libinit.o(.ARM.Collect$$libinit$$00000000) refers (Special) to libinit2.o(.ARM.Collect$$libinit$$0000000C) for __rt_lib_init_rand_1
    libinit.o(.ARM.Collect$$libinit$$00000000) refers (Special) to libinit2.o(.ARM.Collect$$libinit$$00000031) for __rt_lib_init_return
    libinit.o(.ARM.Collect$$libinit$$00000000) refers (Special) to libinit2.o(.ARM.Collect$$libinit$$0000001B) for __rt_lib_init_signal_1
    libinit.o(.ARM.Collect$$libinit$$00000000) refers (Special) to libinit2.o(.ARM.Collect$$libinit$$00000023) for __rt_lib_init_stdio_1
    libinit.o(.ARM.Collect$$libinit$$00000000) refers (Special) to libinit2.o(.ARM.Collect$$libinit$$0000000A) for __rt_lib_init_user_alloc_1
    rtexit.o(.ARM.Collect$$rtexit$$00000000) refers (Special) to rtexit2.o(.ARM.Collect$$rtexit$$00000004) for __rt_exit_exit
    rtexit.o(.ARM.Collect$$rtexit$$00000000) refers (Special) to rtexit2.o(.ARM.Collect$$rtexit$$00000003) for __rt_exit_ls
    rtexit.o(.ARM.Collect$$rtexit$$00000000) refers (Special) to rtexit2.o(.ARM.Collect$$rtexit$$00000002) for __rt_exit_prels_1
    rtexit.o(.ARM.exidx) refers (Special) to rtexit2.o(.ARM.Collect$$rtexit$$00000004) for __rt_exit_exit
    rtexit.o(.ARM.exidx) refers (Special) to rtexit2.o(.ARM.Collect$$rtexit$$00000003) for __rt_exit_ls
    rtexit.o(.ARM.exidx) refers (Special) to rtexit2.o(.ARM.Collect$$rtexit$$00000002) for __rt_exit_prels_1
    rtexit.o(.ARM.exidx) refers to rtexit.o(.ARM.Collect$$rtexit$$00000000) for .ARM.Collect$$rtexit$$00000000
    libinit2.o(.ARM.Collect$$libinit$$0000000D) refers (Weak) to rt_locale_intlibspace.o(.text) for __rt_locale
    libinit2.o(.ARM.Collect$$libinit$$0000000E) refers to libinit2.o(.ARM.Collect$$libinit$$0000000D) for .ARM.Collect$$libinit$$0000000D
    libinit2.o(.ARM.Collect$$libinit$$00000010) refers to libinit2.o(.ARM.Collect$$libinit$$0000000D) for .ARM.Collect$$libinit$$0000000D
    libinit2.o(.ARM.Collect$$libinit$$00000010) refers (Weak) to lc_ctype_c.o(locale$$code) for _get_lc_ctype
    libinit2.o(.ARM.Collect$$libinit$$00000012) refers to libinit2.o(.ARM.Collect$$libinit$$0000000D) for .ARM.Collect$$libinit$$0000000D
    libinit2.o(.ARM.Collect$$libinit$$00000014) refers to libinit2.o(.ARM.Collect$$libinit$$0000000D) for .ARM.Collect$$libinit$$0000000D
    libinit2.o(.ARM.Collect$$libinit$$00000016) refers to libinit2.o(.ARM.Collect$$libinit$$0000000D) for .ARM.Collect$$libinit$$0000000D
    libinit2.o(.ARM.Collect$$libinit$$00000024) refers to argv_veneer.o(.emb_text) for __ARM_argv_veneer
    libinit2.o(.ARM.Collect$$libinit$$00000025) refers to argv_veneer.o(.emb_text) for __ARM_argv_veneer
    rtexit2.o(.ARM.Collect$$rtexit$$00000003) refers to libshutdown.o(.ARM.Collect$$libshutdown$$00000000) for __rt_lib_shutdown
    rtexit2.o(.ARM.Collect$$rtexit$$00000004) refers to sys_exit.o(.text) for _sys_exit
    rtexit2.o(.ARM.exidx) refers to rtexit2.o(.ARM.Collect$$rtexit$$00000001) for .ARM.Collect$$rtexit$$00000001
    rtexit2.o(.ARM.exidx) refers to rtexit2.o(.ARM.Collect$$rtexit$$00000003) for .ARM.Collect$$rtexit$$00000003
    rtexit2.o(.ARM.exidx) refers to rtexit2.o(.ARM.Collect$$rtexit$$00000004) for .ARM.Collect$$rtexit$$00000004
    argv_veneer.o(.emb_text) refers to no_argv.o(.text) for __ARM_get_argv
    sys_exit.o(.text) refers (Special) to use_no_semi.o(.text) for __I$use$semihosting
    sys_exit.o(.text) refers (Special) to indicate_semi.o(.text) for __semihosting_library_function
    _get_argv_nomalloc.o(.text) refers (Special) to hrguard.o(.text) for __heap_region$guard
    _get_argv_nomalloc.o(.text) refers to defsig_rtmem_outer.o(.text) for __rt_SIGRTMEM
    _get_argv_nomalloc.o(.text) refers to sys_command.o(.text) for _sys_command_string
    libshutdown.o(.ARM.Collect$$libshutdown$$00000000) refers (Special) to libshutdown2.o(.ARM.Collect$$libshutdown$$00000006) for __rt_lib_shutdown_fp_trap_1
    libshutdown.o(.ARM.Collect$$libshutdown$$00000000) refers (Special) to libshutdown2.o(.ARM.Collect$$libshutdown$$0000000E) for __rt_lib_shutdown_heap_1
    libshutdown.o(.ARM.Collect$$libshutdown$$00000000) refers (Special) to libshutdown2.o(.ARM.Collect$$libshutdown$$0000000F) for __rt_lib_shutdown_return
    libshutdown.o(.ARM.Collect$$libshutdown$$00000000) refers (Special) to libshutdown2.o(.ARM.Collect$$libshutdown$$00000009) for __rt_lib_shutdown_signal_1
    libshutdown.o(.ARM.Collect$$libshutdown$$00000000) refers (Special) to libshutdown2.o(.ARM.Collect$$libshutdown$$00000003) for __rt_lib_shutdown_stdio_1
    libshutdown.o(.ARM.Collect$$libshutdown$$00000000) refers (Special) to libshutdown2.o(.ARM.Collect$$libshutdown$$0000000B) for __rt_lib_shutdown_user_alloc_1
    sys_command.o(.text) refers (Special) to use_no_semi.o(.text) for __I$use$semihosting
    sys_command.o(.text) refers (Special) to indicate_semi.o(.text) for __semihosting_library_function
    defsig_rtmem_outer.o(.text) refers to defsig_rtmem_inner.o(.text) for __rt_SIGRTMEM_inner
    defsig_rtmem_outer.o(.text) refers to defsig_exit.o(.text) for __sig_exit
    defsig_rtmem_formal.o(.text) refers to rt_raise.o(.text) for __rt_raise
    rt_raise.o(.text) refers to __raise.o(.text) for __raise
    rt_raise.o(.text) refers to sys_exit.o(.text) for _sys_exit
    defsig_exit.o(.text) refers to sys_exit.o(.text) for _sys_exit
    defsig_rtmem_inner.o(.text) refers to defsig_general.o(.text) for __default_signal_display
    __raise.o(.text) refers to defsig.o(CL$$defsig) for __default_signal_handler
    defsig_general.o(.text) refers to sys_wrch.o(.text) for _ttywrch
    sys_wrch.o(.text) refers (Special) to use_no_semi.o(.text) for __I$use$semihosting
    sys_wrch.o(.text) refers (Special) to indicate_semi.o(.text) for __semihosting_library_function
    defsig.o(CL$$defsig) refers to defsig_rtmem_inner.o(.text) for __rt_SIGRTMEM_inner
    defsig_abrt_inner.o(.text) refers to defsig_general.o(.text) for __default_signal_display
    defsig_fpe_inner.o(.text) refers to defsig_general.o(.text) for __default_signal_display
    defsig_rtred_inner.o(.text) refers to defsig_general.o(.text) for __default_signal_display
    defsig_stak_inner.o(.text) refers to defsig_general.o(.text) for __default_signal_display
    defsig_pvfn_inner.o(.text) refers to defsig_general.o(.text) for __default_signal_display
    defsig_cppl_inner.o(.text) refers to defsig_general.o(.text) for __default_signal_display
    defsig_segv_inner.o(.text) refers to defsig_general.o(.text) for __default_signal_display
    defsig_other.o(.text) refers to defsig_general.o(.text) for __default_signal_display


==============================================================================

Removing Unused input sections from the image.

    Removing stm32f10x_adc.o(.text), (1072 bytes).

1 unused section(s) (total 1072 bytes) removed from the image.

==============================================================================

Image Symbol Table

    Local Symbols

    Symbol Name                              Value     Ov Type        Size  Object(Section)

    ../clib/angel/boardlib.s                 0x00000000   Number         0  boardshut.o ABSOLUTE
    ../clib/angel/boardlib.s                 0x00000000   Number         0  boardinit1.o ABSOLUTE
    ../clib/angel/boardlib.s                 0x00000000   Number         0  boardinit2.o ABSOLUTE
    ../clib/angel/boardlib.s                 0x00000000   Number         0  boardinit3.o ABSOLUTE
    ../clib/angel/handlers.s                 0x00000000   Number         0  __scatter_copy.o ABSOLUTE
    ../clib/angel/handlers.s                 0x00000000   Number         0  __scatter_zi.o ABSOLUTE
    ../clib/angel/kernel.s                   0x00000000   Number         0  rtexit.o ABSOLUTE
    ../clib/angel/kernel.s                   0x00000000   Number         0  rtentry2.o ABSOLUTE
    ../clib/angel/kernel.s                   0x00000000   Number         0  rtentry.o ABSOLUTE
    ../clib/angel/kernel.s                   0x00000000   Number         0  rtexit2.o ABSOLUTE
    ../clib/angel/kernel.s                   0x00000000   Number         0  rtentry4.o ABSOLUTE
    ../clib/angel/rt.s                       0x00000000   Number         0  rt_locale.o ABSOLUTE
    ../clib/angel/rt.s                       0x00000000   Number         0  rt_errno_addr.o ABSOLUTE
    ../clib/angel/rt.s                       0x00000000   Number         0  rt_errno_addr_intlibspace.o ABSOLUTE
    ../clib/angel/rt.s                       0x00000000   Number         0  rt_ctype_table.o ABSOLUTE
    ../clib/angel/rt.s                       0x00000000   Number         0  rt_locale_intlibspace.o ABSOLUTE
    ../clib/angel/rt.s                       0x00000000   Number         0  rt_raise.o ABSOLUTE
    ../clib/angel/scatter.s                  0x00000000   Number         0  __scatter.o ABSOLUTE
    ../clib/angel/startup.s                  0x00000000   Number         0  __main.o ABSOLUTE
    ../clib/angel/sys.s                      0x00000000   Number         0  indicate_semi.o ABSOLUTE
    ../clib/angel/sys.s                      0x00000000   Number         0  use_no_semi.o ABSOLUTE
    ../clib/angel/sys.s                      0x00000000   Number         0  libspace.o ABSOLUTE
    ../clib/angel/sys.s                      0x00000000   Number         0  sys_stackheap_outer.o ABSOLUTE
    ../clib/angel/sysapp.c                   0x00000000   Number         0  sys_wrch.o ABSOLUTE
    ../clib/angel/sysapp.c                   0x00000000   Number         0  sys_exit.o ABSOLUTE
    ../clib/angel/sysapp.c                   0x00000000   Number         0  sys_command.o ABSOLUTE
    ../clib/armsys.c                         0x00000000   Number         0  no_argv.o ABSOLUTE
    ../clib/armsys.c                         0x00000000   Number         0  argv_veneer.o ABSOLUTE
    ../clib/armsys.c                         0x00000000   Number         0  _get_argv_nomalloc.o ABSOLUTE
    ../clib/armsys.c                         0x00000000   Number         0  argv_veneer.o ABSOLUTE
    ../clib/heapalloc.c                      0x00000000   Number         0  hrguard.o ABSOLUTE
    ../clib/heapaux.c                        0x00000000   Number         0  heapauxi.o ABSOLUTE
    ../clib/libinit.s                        0x00000000   Number         0  libshutdown.o ABSOLUTE
    ../clib/libinit.s                        0x00000000   Number         0  libshutdown2.o ABSOLUTE
    ../clib/libinit.s                        0x00000000   Number         0  libinit2.o ABSOLUTE
    ../clib/libinit.s                        0x00000000   Number         0  libinit.o ABSOLUTE
    ../clib/locale.s                         0x00000000   Number         0  lc_ctype_c.o ABSOLUTE
    ../clib/memcpset.s                       0x00000000   Number         0  strcmpv7m.o ABSOLUTE
    ../clib/scanf.c                          0x00000000   Number         0  _strtoul.o ABSOLUTE
    ../clib/scanf.c                          0x00000000   Number         0  atoi.o ABSOLUTE
    ../clib/scanf.c                          0x00000000   Number         0  _chval.o ABSOLUTE
    ../clib/scanf.c                          0x00000000   Number         0  strtol.o ABSOLUTE
    ../clib/signal.c                         0x00000000   Number         0  defsig_rtred_inner.o ABSOLUTE
    ../clib/signal.c                         0x00000000   Number         0  defsig_fpe_inner.o ABSOLUTE
    ../clib/signal.c                         0x00000000   Number         0  defsig_general.o ABSOLUTE
    ../clib/signal.c                         0x00000000   Number         0  __raise.o ABSOLUTE
    ../clib/signal.c                         0x00000000   Number         0  defsig_abrt_inner.o ABSOLUTE
    ../clib/signal.c                         0x00000000   Number         0  defsig_rtmem_outer.o ABSOLUTE
    ../clib/signal.c                         0x00000000   Number         0  defsig_rtmem_formal.o ABSOLUTE
    ../clib/signal.c                         0x00000000   Number         0  defsig_exit.o ABSOLUTE
    ../clib/signal.c                         0x00000000   Number         0  defsig_stak_inner.o ABSOLUTE
    ../clib/signal.c                         0x00000000   Number         0  defsig_pvfn_inner.o ABSOLUTE
    ../clib/signal.c                         0x00000000   Number         0  defsig_segv_inner.o ABSOLUTE
    ../clib/signal.c                         0x00000000   Number         0  defsig_other.o ABSOLUTE
    ../clib/signal.c                         0x00000000   Number         0  defsig_rtmem_inner.o ABSOLUTE
    ../clib/signal.c                         0x00000000   Number         0  defsig_cppl_inner.o ABSOLUTE
    ../clib/signal.s                         0x00000000   Number         0  defsig.o ABSOLUTE
    ../clib/stdlib.c                         0x00000000   Number         0  exit.o ABSOLUTE
    ../fplib/fpinit.s                        0x00000000   Number         0  fpinit.o ABSOLUTE
    boot\cortexm3_macro.s                    0x00000000   Number         0  cortexm3_macro.o ABSOLUTE
    boot\stm32f10x_vector.s                  0x00000000   Number         0  stm32f10x_vector.o ABSOLUTE
    dc.s                                     0x00000000   Number         0  dc.o ABSOLUTE
    interrupt\stm32f10x_it.c                 0x00000000   Number         0  stm32f10x_it.o ABSOLUTE
    library\src\stm32f10x_adc.c              0x00000000   Number         0  stm32f10x_adc.o ABSOLUTE
    library\src\stm32f10x_dma.c              0x00000000   Number         0  stm32f10x_dma.o ABSOLUTE
    library\src\stm32f10x_flash.c            0x00000000   Number         0  stm32f10x_flash.o ABSOLUTE
    library\src\stm32f10x_gpio.c             0x00000000   Number         0  stm32f10x_gpio.o ABSOLUTE
    library\src\stm32f10x_lib.c              0x00000000   Number         0  stm32f10x_lib.o ABSOLUTE
    library\src\stm32f10x_nvic.c             0x00000000   Number         0  stm32f10x_nvic.o ABSOLUTE
    library\src\stm32f10x_rcc.c              0x00000000   Number         0  stm32f10x_rcc.o ABSOLUTE
    library\src\stm32f10x_systick.c          0x00000000   Number         0  stm32f10x_systick.o ABSOLUTE
    library\src\stm32f10x_tim.c              0x00000000   Number         0  stm32f10x_tim.o ABSOLUTE
    library\src\stm32f10x_usart.c            0x00000000   Number         0  stm32f10x_usart.o ABSOLUTE
    src\main.c                               0x00000000   Number         0  main.o ABSOLUTE
    RESET                                    0x08000000   Section      304  stm32f10x_vector.o(RESET)
    !!!main                                  0x08000130   Section        8  __main.o(!!!main)
    !!!scatter                               0x08000138   Section       52  __scatter.o(!!!scatter)
    !!handler_copy                           0x0800016c   Section       26  __scatter_copy.o(!!handler_copy)
    !!handler_zi                             0x08000188   Section       28  __scatter_zi.o(!!handler_zi)
    .ARM.Collect$$libinit$$00000000          0x080001a4   Section        2  libinit.o(.ARM.Collect$$libinit$$00000000)
    .ARM.Collect$$libinit$$00000002          0x080001a6   Section        0  libinit2.o(.ARM.Collect$$libinit$$00000002)
    .ARM.Collect$$libinit$$00000008          0x080001a6   Section        0  libinit2.o(.ARM.Collect$$libinit$$00000008)
    .ARM.Collect$$libinit$$0000000A          0x080001a6   Section        0  libinit2.o(.ARM.Collect$$libinit$$0000000A)
    .ARM.Collect$$libinit$$0000000C          0x080001a6   Section        0  libinit2.o(.ARM.Collect$$libinit$$0000000C)
    .ARM.Collect$$libinit$$0000000D          0x080001a6   Section        6  libinit2.o(.ARM.Collect$$libinit$$0000000D)
    .ARM.Collect$$libinit$$0000000F          0x080001ac   Section        0  libinit2.o(.ARM.Collect$$libinit$$0000000F)
    .ARM.Collect$$libinit$$00000010          0x080001ac   Section       12  libinit2.o(.ARM.Collect$$libinit$$00000010)
    .ARM.Collect$$libinit$$00000011          0x080001b8   Section        0  libinit2.o(.ARM.Collect$$libinit$$00000011)
    .ARM.Collect$$libinit$$00000013          0x080001b8   Section        0  libinit2.o(.ARM.Collect$$libinit$$00000013)
    .ARM.Collect$$libinit$$00000015          0x080001b8   Section        0  libinit2.o(.ARM.Collect$$libinit$$00000015)
    .ARM.Collect$$libinit$$00000017          0x080001b8   Section        0  libinit2.o(.ARM.Collect$$libinit$$00000017)
    .ARM.Collect$$libinit$$00000019          0x080001b8   Section        0  libinit2.o(.ARM.Collect$$libinit$$00000019)
    .ARM.Collect$$libinit$$0000001B          0x080001b8   Section        0  libinit2.o(.ARM.Collect$$libinit$$0000001B)
    .ARM.Collect$$libinit$$0000001D          0x080001b8   Section        0  libinit2.o(.ARM.Collect$$libinit$$0000001D)
    .ARM.Collect$$libinit$$0000001F          0x080001b8   Section        0  libinit2.o(.ARM.Collect$$libinit$$0000001F)
    .ARM.Collect$$libinit$$00000021          0x080001b8   Section        0  libinit2.o(.ARM.Collect$$libinit$$00000021)
    .ARM.Collect$$libinit$$00000023          0x080001b8   Section        0  libinit2.o(.ARM.Collect$$libinit$$00000023)
    .ARM.Collect$$libinit$$0000002A          0x080001b8   Section        0  libinit2.o(.ARM.Collect$$libinit$$0000002A)
    .ARM.Collect$$libinit$$0000002C          0x080001b8   Section        0  libinit2.o(.ARM.Collect$$libinit$$0000002C)
    .ARM.Collect$$libinit$$0000002E          0x080001b8   Section        0  libinit2.o(.ARM.Collect$$libinit$$0000002E)
    .ARM.Collect$$libinit$$00000030          0x080001b8   Section        0  libinit2.o(.ARM.Collect$$libinit$$00000030)
    .ARM.Collect$$libinit$$00000031          0x080001b8   Section        2  libinit2.o(.ARM.Collect$$libinit$$00000031)
    .ARM.Collect$$libshutdown$$00000000      0x080001ba   Section        2  libshutdown.o(.ARM.Collect$$libshutdown$$00000000)
    .ARM.Collect$$libshutdown$$00000003      0x080001bc   Section        0  libshutdown2.o(.ARM.Collect$$libshutdown$$00000003)
    .ARM.Collect$$libshutdown$$00000006      0x080001bc   Section        0  libshutdown2.o(.ARM.Collect$$libshutdown$$00000006)
    .ARM.Collect$$libshutdown$$00000009      0x080001bc   Section        0  libshutdown2.o(.ARM.Collect$$libshutdown$$00000009)
    .ARM.Collect$$libshutdown$$0000000B      0x080001bc   Section        0  libshutdown2.o(.ARM.Collect$$libshutdown$$0000000B)
    .ARM.Collect$$libshutdown$$0000000E      0x080001bc   Section        0  libshutdown2.o(.ARM.Collect$$libshutdown$$0000000E)
    .ARM.Collect$$libshutdown$$0000000F      0x080001bc   Section        2  libshutdown2.o(.ARM.Collect$$libshutdown$$0000000F)
    .ARM.Collect$$rtentry$$00000000          0x080001be   Section        0  rtentry.o(.ARM.Collect$$rtentry$$00000000)
    .ARM.Collect$$rtentry$$00000002          0x080001be   Section        0  rtentry2.o(.ARM.Collect$$rtentry$$00000002)
    .ARM.Collect$$rtentry$$00000004          0x080001be   Section        6  rtentry4.o(.ARM.Collect$$rtentry$$00000004)
    .ARM.Collect$$rtentry$$00000009          0x080001c4   Section        0  rtentry2.o(.ARM.Collect$$rtentry$$00000009)
    .ARM.Collect$$rtentry$$0000000A          0x080001c4   Section        4  rtentry2.o(.ARM.Collect$$rtentry$$0000000A)
    .ARM.Collect$$rtentry$$0000000C          0x080001c8   Section        0  rtentry2.o(.ARM.Collect$$rtentry$$0000000C)
    .ARM.Collect$$rtentry$$0000000D          0x080001c8   Section        8  rtentry2.o(.ARM.Collect$$rtentry$$0000000D)
    .ARM.Collect$$rtexit$$00000000           0x080001d0   Section        2  rtexit.o(.ARM.Collect$$rtexit$$00000000)
    .ARM.Collect$$rtexit$$00000002           0x080001d2   Section        0  rtexit2.o(.ARM.Collect$$rtexit$$00000002)
    .ARM.Collect$$rtexit$$00000003           0x080001d2   Section        4  rtexit2.o(.ARM.Collect$$rtexit$$00000003)
    .ARM.Collect$$rtexit$$00000004           0x080001d6   Section        6  rtexit2.o(.ARM.Collect$$rtexit$$00000004)
    .text                                    0x080001dc   Section        0  stm32f10x_dma.o(.text)
    .text                                    0x08000420   Section        0  stm32f10x_flash.o(.text)
    .text                                    0x08000468   Section        0  stm32f10x_gpio.o(.text)
    .text                                    0x08000798   Section        0  stm32f10x_systick.o(.text)
    .text                                    0x0800085c   Section        0  stm32f10x_rcc.o(.text)
    .text                                    0x08000bfc   Section        0  stm32f10x_nvic.o(.text)
    .text                                    0x08000fd4   Section        0  stm32f10x_usart.o(.text)
    .text                                    0x08001344   Section        0  stm32f10x_tim.o(.text)
    TI4_Config                               0x08001663   Thumb Code    82  stm32f10x_tim.o(.text)
    TI3_Config                               0x080016c7   Thumb Code    72  stm32f10x_tim.o(.text)
    TI2_Config                               0x08001739   Thumb Code    80  stm32f10x_tim.o(.text)
    TI1_Config                               0x0800179b   Thumb Code    56  stm32f10x_tim.o(.text)
    .text                                    0x08001f0c   Section      122  cortexm3_macro.o(.text)
    .text                                    0x08001f88   Section       36  stm32f10x_vector.o(.text)
    .text                                    0x08001fac   Section        0  stm32f10x_it.o(.text)
    .text                                    0x08002038   Section        0  main.o(.text)
    .text                                    0x08002790   Section        0  atoi.o(.text)
    .text                                    0x080027aa   Section        0  heapauxi.o(.text)
    .text                                    0x080027b0   Section        8  rt_errno_addr_intlibspace.o(.text)
    .text                                    0x080027b8   Section        0  strtol.o(.text)
    .text                                    0x08002828   Section        8  libspace.o(.text)
    .text                                    0x08002830   Section       16  rt_ctype_table.o(.text)
    .text                                    0x08002840   Section        0  _strtoul.o(.text)
    .text                                    0x080028de   Section       74  sys_stackheap_outer.o(.text)
    .text                                    0x08002928   Section        8  rt_locale_intlibspace.o(.text)
    .text                                    0x08002930   Section        0  _chval.o(.text)
    .text                                    0x0800294c   Section        0  exit.o(.text)
    .text                                    0x08002958   Section      128  strcmpv7m.o(.text)
    .text                                    0x080029d8   Section        0  sys_exit.o(.text)
    .text                                    0x080029e4   Section        2  use_no_semi.o(.text)
    .text                                    0x080029e6   Section        0  indicate_semi.o(.text)
    locale$$code                             0x080029e8   Section       44  lc_ctype_c.o(locale$$code)
    .constdata                               0x08002a14   Section       20  stm32f10x_rcc.o(.constdata)
    APBAHBPrescTable                         0x08002a14   Data          16  stm32f10x_rcc.o(.constdata)
    ADCPrescTable                            0x08002a24   Data           4  stm32f10x_rcc.o(.constdata)
    locale$$data                             0x08002a48   Section      272  lc_ctype_c.o(locale$$data)
    __lcctype_c_name                         0x08002a4c   Data           2  lc_ctype_c.o(locale$$data)
    __lcctype_c_start                        0x08002a54   Data           0  lc_ctype_c.o(locale$$data)
    __lcctype_c_end                          0x08002b58   Data           0  lc_ctype_c.o(locale$$data)
    .data                                    0x20000000   Section       43  main.o(.data)
    RxCnt                                    0x2000002a   Data           1  main.o(.data)
    .bss                                     0x2000002c   Section     1264  main.o(.bss)
    RxData                                   0x2000050c   Data          16  main.o(.bss)
    .bss                                     0x2000051c   Section       96  libspace.o(.bss)
    HEAP                                     0x20000580   Section     1024  stm32f10x_vector.o(HEAP)
    Heap_Mem                                 0x20000580   Data        1024  stm32f10x_vector.o(HEAP)
    STACK                                    0x20000980   Section     1024  stm32f10x_vector.o(STACK)
    Stack_Mem                                0x20000980   Data        1024  stm32f10x_vector.o(STACK)
    __initial_sp                             0x20000d80   Data           0  stm32f10x_vector.o(STACK)

    Global Symbols

    Symbol Name                              Value     Ov Type        Size  Object(Section)

    BuildAttributes$$THM_ISAv4$P$D$K$B$S$PE$A:L22UL41UL21$X:L11$S22US41US21$IEEE1$IW$USESV6$~STKCKD$USESV7$~SHL$OSPACE$ROPI$EBA8$UX$STANDARDLIB$REQ8$PRES8$EABIv2 0x00000000   Number         0  anon$$obj.o ABSOLUTE
    __ARM_use_no_argv                        0x00000000   Number         0  main.o ABSOLUTE
    __ARM_exceptions_init                     - Undefined Weak Reference
    __alloca_initialize                       - Undefined Weak Reference
    __cpp_initialize__aeabi_                  - Undefined Weak Reference
    __cxa_finalize                            - Undefined Weak Reference
    __sigvec_lookup                           - Undefined Weak Reference
    _atexit_init                              - Undefined Weak Reference
    _call_atexit_fns                          - Undefined Weak Reference
    _clock_init                               - Undefined Weak Reference
    _fp_trap_init                             - Undefined Weak Reference
    _fp_trap_shutdown                         - Undefined Weak Reference
    _get_lc_collate                           - Undefined Weak Reference
    _get_lc_monetary                          - Undefined Weak Reference
    _get_lc_numeric                           - Undefined Weak Reference
    _get_lc_time                              - Undefined Weak Reference
    _getenv_init                              - Undefined Weak Reference
    _handle_redirection                       - Undefined Weak Reference
    _init_alloc                               - Undefined Weak Reference
    _init_user_alloc                          - Undefined Weak Reference
    _initio                                   - Undefined Weak Reference
    _rand_init                                - Undefined Weak Reference
    _signal_finish                            - Undefined Weak Reference
    _signal_init                              - Undefined Weak Reference
    _terminate_alloc                          - Undefined Weak Reference
    _terminate_user_alloc                     - Undefined Weak Reference
    _terminateio                              - Undefined Weak Reference
    __Vectors                                0x08000000   Data           4  stm32f10x_vector.o(RESET)
    __main                                   0x08000131   Thumb Code     8  __main.o(!!!main)
    __scatterload                            0x08000139   Thumb Code     0  __scatter.o(!!!scatter)
    __scatterload_rt2                        0x08000139   Thumb Code    44  __scatter.o(!!!scatter)
    __scatterload_rt2_thumb_only             0x08000139   Thumb Code     0  __scatter.o(!!!scatter)
    __scatterload_null                       0x08000147   Thumb Code     0  __scatter.o(!!!scatter)
    __scatterload_copy                       0x0800016d   Thumb Code    26  __scatter_copy.o(!!handler_copy)
    __scatterload_zeroinit                   0x08000189   Thumb Code    28  __scatter_zi.o(!!handler_zi)
    __rt_lib_init                            0x080001a5   Thumb Code     0  libinit.o(.ARM.Collect$$libinit$$00000000)
    __rt_lib_init_fp_1                       0x080001a7   Thumb Code     0  libinit2.o(.ARM.Collect$$libinit$$00000002)
    __rt_lib_init_heap_1                     0x080001a7   Thumb Code     0  libinit2.o(.ARM.Collect$$libinit$$00000008)
    __rt_lib_init_lc_common                  0x080001a7   Thumb Code     0  libinit2.o(.ARM.Collect$$libinit$$0000000D)
    __rt_lib_init_rand_1                     0x080001a7   Thumb Code     0  libinit2.o(.ARM.Collect$$libinit$$0000000C)
    __rt_lib_init_user_alloc_1               0x080001a7   Thumb Code     0  libinit2.o(.ARM.Collect$$libinit$$0000000A)
    __rt_lib_init_lc_collate_1               0x080001ad   Thumb Code     0  libinit2.o(.ARM.Collect$$libinit$$0000000F)
    __rt_lib_init_lc_ctype_2                 0x080001ad   Thumb Code     0  libinit2.o(.ARM.Collect$$libinit$$00000010)
    __rt_lib_init_alloca_1                   0x080001b9   Thumb Code     0  libinit2.o(.ARM.Collect$$libinit$$0000002C)
    __rt_lib_init_argv_1                     0x080001b9   Thumb Code     0  libinit2.o(.ARM.Collect$$libinit$$0000002A)
    __rt_lib_init_atexit_1                   0x080001b9   Thumb Code     0  libinit2.o(.ARM.Collect$$libinit$$00000019)
    __rt_lib_init_clock_1                    0x080001b9   Thumb Code     0  libinit2.o(.ARM.Collect$$libinit$$0000001F)
    __rt_lib_init_cpp_1                      0x080001b9   Thumb Code     0  libinit2.o(.ARM.Collect$$libinit$$00000030)
    __rt_lib_init_exceptions_1               0x080001b9   Thumb Code     0  libinit2.o(.ARM.Collect$$libinit$$0000002E)
    __rt_lib_init_fp_trap_1                  0x080001b9   Thumb Code     0  libinit2.o(.ARM.Collect$$libinit$$0000001D)
    __rt_lib_init_getenv_1                   0x080001b9   Thumb Code     0  libinit2.o(.ARM.Collect$$libinit$$00000021)
    __rt_lib_init_lc_ctype_1                 0x080001b9   Thumb Code     0  libinit2.o(.ARM.Collect$$libinit$$00000011)
    __rt_lib_init_lc_monetary_1              0x080001b9   Thumb Code     0  libinit2.o(.ARM.Collect$$libinit$$00000013)
    __rt_lib_init_lc_numeric_1               0x080001b9   Thumb Code     0  libinit2.o(.ARM.Collect$$libinit$$00000015)
    __rt_lib_init_lc_time_1                  0x080001b9   Thumb Code     0  libinit2.o(.ARM.Collect$$libinit$$00000017)
    __rt_lib_init_return                     0x080001b9   Thumb Code     0  libinit2.o(.ARM.Collect$$libinit$$00000031)
    __rt_lib_init_signal_1                   0x080001b9   Thumb Code     0  libinit2.o(.ARM.Collect$$libinit$$0000001B)
    __rt_lib_init_stdio_1                    0x080001b9   Thumb Code     0  libinit2.o(.ARM.Collect$$libinit$$00000023)
    __rt_lib_shutdown                        0x080001bb   Thumb Code     0  libshutdown.o(.ARM.Collect$$libshutdown$$00000000)
    __rt_lib_shutdown_fp_trap_1              0x080001bd   Thumb Code     0  libshutdown2.o(.ARM.Collect$$libshutdown$$00000006)
    __rt_lib_shutdown_heap_1                 0x080001bd   Thumb Code     0  libshutdown2.o(.ARM.Collect$$libshutdown$$0000000E)
    __rt_lib_shutdown_return                 0x080001bd   Thumb Code     0  libshutdown2.o(.ARM.Collect$$libshutdown$$0000000F)
    __rt_lib_shutdown_signal_1               0x080001bd   Thumb Code     0  libshutdown2.o(.ARM.Collect$$libshutdown$$00000009)
    __rt_lib_shutdown_stdio_1                0x080001bd   Thumb Code     0  libshutdown2.o(.ARM.Collect$$libshutdown$$00000003)
    __rt_lib_shutdown_user_alloc_1           0x080001bd   Thumb Code     0  libshutdown2.o(.ARM.Collect$$libshutdown$$0000000B)
    __rt_entry                               0x080001bf   Thumb Code     0  rtentry.o(.ARM.Collect$$rtentry$$00000000)
    __rt_entry_presh_1                       0x080001bf   Thumb Code     0  rtentry2.o(.ARM.Collect$$rtentry$$00000002)
    __rt_entry_sh                            0x080001bf   Thumb Code     0  rtentry4.o(.ARM.Collect$$rtentry$$00000004)
    __rt_entry_li                            0x080001c5   Thumb Code     0  rtentry2.o(.ARM.Collect$$rtentry$$0000000A)
    __rt_entry_postsh_1                      0x080001c5   Thumb Code     0  rtentry2.o(.ARM.Collect$$rtentry$$00000009)
    __rt_entry_main                          0x080001c9   Thumb Code     0  rtentry2.o(.ARM.Collect$$rtentry$$0000000D)
    __rt_entry_postli_1                      0x080001c9   Thumb Code     0  rtentry2.o(.ARM.Collect$$rtentry$$0000000C)
    __rt_exit                                0x080001d1   Thumb Code     0  rtexit.o(.ARM.Collect$$rtexit$$00000000)
    __rt_exit_ls                             0x080001d3   Thumb Code     0  rtexit2.o(.ARM.Collect$$rtexit$$00000003)
    __rt_exit_prels_1                        0x080001d3   Thumb Code     0  rtexit2.o(.ARM.Collect$$rtexit$$00000002)
    __rt_exit_exit                           0x080001d7   Thumb Code     0  rtexit2.o(.ARM.Collect$$rtexit$$00000004)
    DMA_DeInit                               0x080001dd   Thumb Code   306  stm32f10x_dma.o(.text)
    DMA_Init                                 0x0800030f   Thumb Code    60  stm32f10x_dma.o(.text)
    DMA_StructInit                           0x0800034b   Thumb Code    26  stm32f10x_dma.o(.text)
    DMA_Cmd                                  0x08000365   Thumb Code    22  stm32f10x_dma.o(.text)
    DMA_ITConfig                             0x0800037b   Thumb Code    18  stm32f10x_dma.o(.text)
    DMA_SetCurrDataCounter                   0x0800038d   Thumb Code     4  stm32f10x_dma.o(.text)
    DMA_GetCurrDataCounter                   0x08000391   Thumb Code     8  stm32f10x_dma.o(.text)
    DMA_GetFlagStatus                        0x08000399   Thumb Code    40  stm32f10x_dma.o(.text)
    DMA_ClearFlag                            0x080003c1   Thumb Code    20  stm32f10x_dma.o(.text)
    DMA_GetITStatus                          0x080003d5   Thumb Code    40  stm32f10x_dma.o(.text)
    DMA_ClearITPendingBit                    0x080003fd   Thumb Code    20  stm32f10x_dma.o(.text)
    FLASH_SetLatency                         0x08000421   Thumb Code    22  stm32f10x_flash.o(.text)
    FLASH_HalfCycleAccessCmd                 0x08000437   Thumb Code    22  stm32f10x_flash.o(.text)
    FLASH_PrefetchBufferCmd                  0x0800044d   Thumb Code    22  stm32f10x_flash.o(.text)
    GPIO_DeInit                              0x08000469   Thumb Code   188  stm32f10x_gpio.o(.text)
    GPIO_AFIODeInit                          0x08000525   Thumb Code    20  stm32f10x_gpio.o(.text)
    GPIO_Init                                0x08000539   Thumb Code   278  stm32f10x_gpio.o(.text)
    GPIO_StructInit                          0x0800064f   Thumb Code    16  stm32f10x_gpio.o(.text)
    GPIO_ReadInputDataBit                    0x0800065f   Thumb Code    18  stm32f10x_gpio.o(.text)
    GPIO_ReadInputData                       0x08000671   Thumb Code     8  stm32f10x_gpio.o(.text)
    GPIO_ReadOutputDataBit                   0x08000679   Thumb Code    18  stm32f10x_gpio.o(.text)
    GPIO_ReadOutputData                      0x0800068b   Thumb Code     8  stm32f10x_gpio.o(.text)
    GPIO_SetBits                             0x08000693   Thumb Code     4  stm32f10x_gpio.o(.text)
    GPIO_ResetBits                           0x08000697   Thumb Code     4  stm32f10x_gpio.o(.text)
    GPIO_WriteBit                            0x0800069b   Thumb Code    10  stm32f10x_gpio.o(.text)
    GPIO_Write                               0x080006a5   Thumb Code     4  stm32f10x_gpio.o(.text)
    GPIO_PinLockConfig                       0x080006a9   Thumb Code    18  stm32f10x_gpio.o(.text)
    GPIO_EventOutputConfig                   0x080006bb   Thumb Code    26  stm32f10x_gpio.o(.text)
    GPIO_EventOutputCmd                      0x080006d5   Thumb Code     6  stm32f10x_gpio.o(.text)
    GPIO_PinRemapConfig                      0x080006db   Thumb Code   106  stm32f10x_gpio.o(.text)
    GPIO_EXTILineConfig                      0x08000745   Thumb Code    66  stm32f10x_gpio.o(.text)
    SysTick_CLKSourceConfig                  0x08000799   Thumb Code    40  stm32f10x_systick.o(.text)
    SysTick_SetReload                        0x080007c1   Thumb Code     8  stm32f10x_systick.o(.text)
    SysTick_CounterCmd                       0x080007c9   Thumb Code    54  stm32f10x_systick.o(.text)
    SysTick_ITConfig                         0x080007ff   Thumb Code    38  stm32f10x_systick.o(.text)
    SysTick_GetCounter                       0x08000825   Thumb Code     8  stm32f10x_systick.o(.text)
    SysTick_GetFlagStatus                    0x0800082d   Thumb Code    46  stm32f10x_systick.o(.text)
    RCC_DeInit                               0x0800085d   Thumb Code    62  stm32f10x_rcc.o(.text)
    RCC_HSEConfig                            0x0800089b   Thumb Code    70  stm32f10x_rcc.o(.text)
    RCC_GetFlagStatus                        0x080008e1   Thumb Code    56  stm32f10x_rcc.o(.text)
    RCC_WaitForHSEStartUp                    0x08000919   Thumb Code    54  stm32f10x_rcc.o(.text)
    RCC_AdjustHSICalibrationValue            0x0800094f   Thumb Code    20  stm32f10x_rcc.o(.text)
    RCC_HSICmd                               0x08000963   Thumb Code     6  stm32f10x_rcc.o(.text)
    RCC_PLLConfig                            0x08000969   Thumb Code    24  stm32f10x_rcc.o(.text)
    RCC_PLLCmd                               0x08000981   Thumb Code     6  stm32f10x_rcc.o(.text)
    RCC_SYSCLKConfig                         0x08000987   Thumb Code    18  stm32f10x_rcc.o(.text)
    RCC_GetSYSCLKSource                      0x08000999   Thumb Code    10  stm32f10x_rcc.o(.text)
    RCC_HCLKConfig                           0x080009a3   Thumb Code    18  stm32f10x_rcc.o(.text)
    RCC_PCLK1Config                          0x080009b5   Thumb Code    18  stm32f10x_rcc.o(.text)
    RCC_PCLK2Config                          0x080009c7   Thumb Code    20  stm32f10x_rcc.o(.text)
    RCC_ITConfig                             0x080009db   Thumb Code    26  stm32f10x_rcc.o(.text)
    RCC_USBCLKConfig                         0x080009f5   Thumb Code     8  stm32f10x_rcc.o(.text)
    RCC_ADCCLKConfig                         0x080009fd   Thumb Code    18  stm32f10x_rcc.o(.text)
    RCC_LSEConfig                            0x08000a0f   Thumb Code    50  stm32f10x_rcc.o(.text)
    RCC_LSICmd                               0x08000a41   Thumb Code     6  stm32f10x_rcc.o(.text)
    RCC_RTCCLKConfig                         0x08000a47   Thumb Code    12  stm32f10x_rcc.o(.text)
    RCC_RTCCLKCmd                            0x08000a53   Thumb Code     8  stm32f10x_rcc.o(.text)
    RCC_GetClocksFreq                        0x08000a5b   Thumb Code   192  stm32f10x_rcc.o(.text)
    RCC_AHBPeriphClockCmd                    0x08000b1b   Thumb Code    26  stm32f10x_rcc.o(.text)
    RCC_APB2PeriphClockCmd                   0x08000b35   Thumb Code    26  stm32f10x_rcc.o(.text)
    RCC_APB1PeriphClockCmd                   0x08000b4f   Thumb Code    26  stm32f10x_rcc.o(.text)
    RCC_APB2PeriphResetCmd                   0x08000b69   Thumb Code    26  stm32f10x_rcc.o(.text)
    RCC_APB1PeriphResetCmd                   0x08000b83   Thumb Code    26  stm32f10x_rcc.o(.text)
    RCC_BackupResetCmd                       0x08000b9d   Thumb Code     8  stm32f10x_rcc.o(.text)
    RCC_ClockSecuritySystemCmd               0x08000ba5   Thumb Code     6  stm32f10x_rcc.o(.text)
    RCC_MCOConfig                            0x08000bab   Thumb Code     6  stm32f10x_rcc.o(.text)
    RCC_ClearFlag                            0x08000bb1   Thumb Code    14  stm32f10x_rcc.o(.text)
    RCC_GetITStatus                          0x08000bbf   Thumb Code    20  stm32f10x_rcc.o(.text)
    RCC_ClearITPendingBit                    0x08000bd3   Thumb Code     6  stm32f10x_rcc.o(.text)
    NVIC_DeInit                              0x08000bfd   Thumb Code    54  stm32f10x_nvic.o(.text)
    NVIC_SCBDeInit                           0x08000c33   Thumb Code    76  stm32f10x_nvic.o(.text)
    NVIC_PriorityGroupConfig                 0x08000c7f   Thumb Code    12  stm32f10x_nvic.o(.text)
    NVIC_Init                                0x08000c8b   Thumb Code   152  stm32f10x_nvic.o(.text)
    NVIC_StructInit                          0x08000d23   Thumb Code    12  stm32f10x_nvic.o(.text)
    NVIC_SETPRIMASK                          0x08000d2f   Thumb Code     8  stm32f10x_nvic.o(.text)
    NVIC_RESETPRIMASK                        0x08000d37   Thumb Code     8  stm32f10x_nvic.o(.text)
    NVIC_SETFAULTMASK                        0x08000d3f   Thumb Code     8  stm32f10x_nvic.o(.text)
    NVIC_RESETFAULTMASK                      0x08000d47   Thumb Code     8  stm32f10x_nvic.o(.text)
    NVIC_BASEPRICONFIG                       0x08000d4f   Thumb Code    12  stm32f10x_nvic.o(.text)
    NVIC_GetBASEPRI                          0x08000d5b   Thumb Code     8  stm32f10x_nvic.o(.text)
    NVIC_GetCurrentPendingIRQChannel         0x08000d63   Thumb Code    10  stm32f10x_nvic.o(.text)
    NVIC_GetIRQChannelPendingBitStatus       0x08000d6d   Thumb Code    42  stm32f10x_nvic.o(.text)
    NVIC_SetIRQChannelPendingBit             0x08000d97   Thumb Code     6  stm32f10x_nvic.o(.text)
    NVIC_ClearIRQChannelPendingBit           0x08000d9d   Thumb Code    20  stm32f10x_nvic.o(.text)
    NVIC_GetCurrentActiveHandler             0x08000db1   Thumb Code    10  stm32f10x_nvic.o(.text)
    NVIC_GetIRQChannelActiveBitStatus        0x08000dbb   Thumb Code    42  stm32f10x_nvic.o(.text)
    NVIC_GetCPUID                            0x08000de5   Thumb Code     8  stm32f10x_nvic.o(.text)
    NVIC_SetVectorTable                      0x08000ded   Thumb Code    14  stm32f10x_nvic.o(.text)
    NVIC_GenerateSystemReset                 0x08000dfb   Thumb Code    12  stm32f10x_nvic.o(.text)
    NVIC_GenerateCoreReset                   0x08000e07   Thumb Code    12  stm32f10x_nvic.o(.text)
    NVIC_SystemLPConfig                      0x08000e13   Thumb Code    34  stm32f10x_nvic.o(.text)
    NVIC_SystemHandlerConfig                 0x08000e35   Thumb Code    48  stm32f10x_nvic.o(.text)
    NVIC_SystemHandlerPriorityConfig         0x08000e65   Thumb Code   110  stm32f10x_nvic.o(.text)
    NVIC_GetSystemHandlerPendingBitStatus    0x08000ed3   Thumb Code    44  stm32f10x_nvic.o(.text)
    NVIC_SetSystemHandlerPendingBit          0x08000eff   Thumb Code    22  stm32f10x_nvic.o(.text)
    NVIC_ClearSystemHandlerPendingBit        0x08000f15   Thumb Code    26  stm32f10x_nvic.o(.text)
    NVIC_GetSystemHandlerActiveBitStatus     0x08000f2f   Thumb Code    42  stm32f10x_nvic.o(.text)
    NVIC_GetFaultHandlerSources              0x08000f59   Thumb Code    66  stm32f10x_nvic.o(.text)
    NVIC_GetFaultAddress                     0x08000f9b   Thumb Code    28  stm32f10x_nvic.o(.text)
    USART_DeInit                             0x08000fd5   Thumb Code   146  stm32f10x_usart.o(.text)
    USART_Init                               0x08001067   Thumb Code   150  stm32f10x_usart.o(.text)
    USART_StructInit                         0x080010fd   Thumb Code    24  stm32f10x_usart.o(.text)
    USART_ClockInit                          0x08001115   Thumb Code    34  stm32f10x_usart.o(.text)
    USART_ClockStructInit                    0x08001137   Thumb Code    12  stm32f10x_usart.o(.text)
    USART_Cmd                                0x08001143   Thumb Code    24  stm32f10x_usart.o(.text)
    USART_ITConfig                           0x0800115b   Thumb Code    64  stm32f10x_usart.o(.text)
    USART_DMACmd                             0x0800119b   Thumb Code    18  stm32f10x_usart.o(.text)
    USART_SetAddress                         0x080011ad   Thumb Code    18  stm32f10x_usart.o(.text)
    USART_WakeUpConfig                       0x080011bf   Thumb Code    18  stm32f10x_usart.o(.text)
    USART_ReceiverWakeUpCmd                  0x080011d1   Thumb Code    24  stm32f10x_usart.o(.text)
    USART_LINBreakDetectLengthConfig         0x080011e9   Thumb Code    18  stm32f10x_usart.o(.text)
    USART_LINCmd                             0x080011fb   Thumb Code    24  stm32f10x_usart.o(.text)
    USART_SendData                           0x08001213   Thumb Code     8  stm32f10x_usart.o(.text)
    USART_ReceiveData                        0x0800121b   Thumb Code    10  stm32f10x_usart.o(.text)
    USART_SendBreak                          0x08001225   Thumb Code    10  stm32f10x_usart.o(.text)
    USART_SetGuardTime                       0x0800122f   Thumb Code    16  stm32f10x_usart.o(.text)
    USART_SetPrescaler                       0x0800123f   Thumb Code    16  stm32f10x_usart.o(.text)
    USART_SmartCardCmd                       0x0800124f   Thumb Code    24  stm32f10x_usart.o(.text)
    USART_SmartCardNACKCmd                   0x08001267   Thumb Code    24  stm32f10x_usart.o(.text)
    USART_HalfDuplexCmd                      0x0800127f   Thumb Code    24  stm32f10x_usart.o(.text)
    USART_IrDAConfig                         0x08001297   Thumb Code    18  stm32f10x_usart.o(.text)
    USART_IrDACmd                            0x080012a9   Thumb Code    24  stm32f10x_usart.o(.text)
    USART_GetFlagStatus                      0x080012c1   Thumb Code    18  stm32f10x_usart.o(.text)
    USART_ClearFlag                          0x080012d3   Thumb Code     6  stm32f10x_usart.o(.text)
    USART_GetITStatus                        0x080012d9   Thumb Code    76  stm32f10x_usart.o(.text)
    USART_ClearITPendingBit                  0x08001325   Thumb Code    20  stm32f10x_usart.o(.text)
    TIM_DeInit                               0x08001345   Thumb Code   214  stm32f10x_tim.o(.text)
    TIM_TimeBaseInit                         0x0800141b   Thumb Code    50  stm32f10x_tim.o(.text)
    TIM_OC1Init                              0x0800144d   Thumb Code   110  stm32f10x_tim.o(.text)
    TIM_OC2Init                              0x080014bb   Thumb Code   148  stm32f10x_tim.o(.text)
    TIM_OC3Init                              0x0800154f   Thumb Code   144  stm32f10x_tim.o(.text)
    TIM_OC4Init                              0x080015df   Thumb Code   106  stm32f10x_tim.o(.text)
    TIM_SetIC4Prescaler                      0x08001649   Thumb Code    26  stm32f10x_tim.o(.text)
    TIM_SetIC3Prescaler                      0x080016b5   Thumb Code    18  stm32f10x_tim.o(.text)
    TIM_SetIC2Prescaler                      0x0800170f   Thumb Code    42  stm32f10x_tim.o(.text)
    TIM_SetIC1Prescaler                      0x08001789   Thumb Code    18  stm32f10x_tim.o(.text)
    TIM_ICInit                               0x080017d3   Thumb Code   110  stm32f10x_tim.o(.text)
    TIM_PWMIConfig                           0x08001841   Thumb Code   124  stm32f10x_tim.o(.text)
    TIM_BDTRConfig                           0x080018bd   Thumb Code    32  stm32f10x_tim.o(.text)
    TIM_TimeBaseStructInit                   0x080018dd   Thumb Code    18  stm32f10x_tim.o(.text)
    TIM_OCStructInit                         0x080018ef   Thumb Code    20  stm32f10x_tim.o(.text)
    TIM_ICStructInit                         0x08001903   Thumb Code    18  stm32f10x_tim.o(.text)
    TIM_BDTRStructInit                       0x08001915   Thumb Code    18  stm32f10x_tim.o(.text)
    TIM_Cmd                                  0x08001927   Thumb Code    24  stm32f10x_tim.o(.text)
    TIM_CtrlPWMOutputs                       0x0800193f   Thumb Code    30  stm32f10x_tim.o(.text)
    TIM_ITConfig                             0x0800195d   Thumb Code    18  stm32f10x_tim.o(.text)
    TIM_GenerateEvent                        0x0800196f   Thumb Code     4  stm32f10x_tim.o(.text)
    TIM_DMAConfig                            0x08001973   Thumb Code    10  stm32f10x_tim.o(.text)
    TIM_DMACmd                               0x0800197d   Thumb Code    18  stm32f10x_tim.o(.text)
    TIM_InternalClockConfig                  0x0800198f   Thumb Code    12  stm32f10x_tim.o(.text)
    TIM_SelectInputTrigger                   0x0800199b   Thumb Code    18  stm32f10x_tim.o(.text)
    TIM_ITRxExternalClockConfig              0x080019ad   Thumb Code    24  stm32f10x_tim.o(.text)
    TIM_TIxExternalClockConfig               0x080019c5   Thumb Code    62  stm32f10x_tim.o(.text)
    TIM_ETRConfig                            0x08001a03   Thumb Code    30  stm32f10x_tim.o(.text)
    TIM_ETRClockMode1Config                  0x08001a21   Thumb Code    54  stm32f10x_tim.o(.text)
    TIM_ETRClockMode2Config                  0x08001a57   Thumb Code    32  stm32f10x_tim.o(.text)
    TIM_PrescalerConfig                      0x08001a77   Thumb Code     6  stm32f10x_tim.o(.text)
    TIM_CounterModeConfig                    0x08001a7d   Thumb Code    18  stm32f10x_tim.o(.text)
    TIM_EncoderInterfaceConfig               0x08001a8f   Thumb Code    66  stm32f10x_tim.o(.text)
    TIM_ForcedOC1Config                      0x08001ad1   Thumb Code    18  stm32f10x_tim.o(.text)
    TIM_ForcedOC2Config                      0x08001ae3   Thumb Code    26  stm32f10x_tim.o(.text)
    TIM_ForcedOC3Config                      0x08001afd   Thumb Code    18  stm32f10x_tim.o(.text)
    TIM_ForcedOC4Config                      0x08001b0f   Thumb Code    26  stm32f10x_tim.o(.text)
    TIM_ARRPreloadConfig                     0x08001b29   Thumb Code    24  stm32f10x_tim.o(.text)
    TIM_SelectCOM                            0x08001b41   Thumb Code    24  stm32f10x_tim.o(.text)
    TIM_SelectCCDMA                          0x08001b59   Thumb Code    24  stm32f10x_tim.o(.text)
    TIM_CCPreloadControl                     0x08001b71   Thumb Code    24  stm32f10x_tim.o(.text)
    TIM_OC1PreloadConfig                     0x08001b89   Thumb Code    18  stm32f10x_tim.o(.text)
    TIM_OC2PreloadConfig                     0x08001b9b   Thumb Code    26  stm32f10x_tim.o(.text)
    TIM_OC3PreloadConfig                     0x08001bb5   Thumb Code    18  stm32f10x_tim.o(.text)
    TIM_OC4PreloadConfig                     0x08001bc7   Thumb Code    26  stm32f10x_tim.o(.text)
    TIM_OC1FastConfig                        0x08001be1   Thumb Code    18  stm32f10x_tim.o(.text)
    TIM_OC2FastConfig                        0x08001bf3   Thumb Code    26  stm32f10x_tim.o(.text)
    TIM_OC3FastConfig                        0x08001c0d   Thumb Code    18  stm32f10x_tim.o(.text)
    TIM_OC4FastConfig                        0x08001c1f   Thumb Code    26  stm32f10x_tim.o(.text)
    TIM_ClearOC1Ref                          0x08001c39   Thumb Code    18  stm32f10x_tim.o(.text)
    TIM_ClearOC2Ref                          0x08001c4b   Thumb Code    24  stm32f10x_tim.o(.text)
    TIM_ClearOC3Ref                          0x08001c63   Thumb Code    18  stm32f10x_tim.o(.text)
    TIM_ClearOC4Ref                          0x08001c75   Thumb Code    24  stm32f10x_tim.o(.text)
    TIM_OC1PolarityConfig                    0x08001c8d   Thumb Code    18  stm32f10x_tim.o(.text)
    TIM_OC1NPolarityConfig                   0x08001c9f   Thumb Code    18  stm32f10x_tim.o(.text)
    TIM_OC2PolarityConfig                    0x08001cb1   Thumb Code    26  stm32f10x_tim.o(.text)
    TIM_OC2NPolarityConfig                   0x08001ccb   Thumb Code    26  stm32f10x_tim.o(.text)
    TIM_OC3PolarityConfig                    0x08001ce5   Thumb Code    26  stm32f10x_tim.o(.text)
    TIM_OC3NPolarityConfig                   0x08001cff   Thumb Code    26  stm32f10x_tim.o(.text)
    TIM_OC4PolarityConfig                    0x08001d19   Thumb Code    26  stm32f10x_tim.o(.text)
    TIM_CCxCmd                               0x08001d33   Thumb Code    26  stm32f10x_tim.o(.text)
    TIM_CCxNCmd                              0x08001d4d   Thumb Code    26  stm32f10x_tim.o(.text)
    TIM_SelectOCxM                           0x08001d67   Thumb Code   134  stm32f10x_tim.o(.text)
    TIM_UpdateDisableConfig                  0x08001ded   Thumb Code    24  stm32f10x_tim.o(.text)
    TIM_UpdateRequestConfig                  0x08001e05   Thumb Code    24  stm32f10x_tim.o(.text)
    TIM_SelectHallSensor                     0x08001e1d   Thumb Code    24  stm32f10x_tim.o(.text)
    TIM_SelectOnePulseMode                   0x08001e35   Thumb Code    18  stm32f10x_tim.o(.text)
    TIM_SelectOutputTrigger                  0x08001e47   Thumb Code    18  stm32f10x_tim.o(.text)
    TIM_SelectSlaveMode                      0x08001e59   Thumb Code    18  stm32f10x_tim.o(.text)
    TIM_SelectMasterSlaveMode                0x08001e6b   Thumb Code    18  stm32f10x_tim.o(.text)
    TIM_SetCounter                           0x08001e7d   Thumb Code     4  stm32f10x_tim.o(.text)
    TIM_SetAutoreload                        0x08001e81   Thumb Code     4  stm32f10x_tim.o(.text)
    TIM_SetCompare1                          0x08001e85   Thumb Code     4  stm32f10x_tim.o(.text)
    TIM_SetCompare2                          0x08001e89   Thumb Code     4  stm32f10x_tim.o(.text)
    TIM_SetCompare3                          0x08001e8d   Thumb Code     4  stm32f10x_tim.o(.text)
    TIM_SetCompare4                          0x08001e91   Thumb Code     6  stm32f10x_tim.o(.text)
    TIM_SetClockDivision                     0x08001e97   Thumb Code    14  stm32f10x_tim.o(.text)
    TIM_GetCapture1                          0x08001ea5   Thumb Code     6  stm32f10x_tim.o(.text)
    TIM_GetCapture2                          0x08001eab   Thumb Code     6  stm32f10x_tim.o(.text)
    TIM_GetCapture3                          0x08001eb1   Thumb Code     6  stm32f10x_tim.o(.text)
    TIM_GetCapture4                          0x08001eb7   Thumb Code     8  stm32f10x_tim.o(.text)
    TIM_GetCounter                           0x08001ebf   Thumb Code     6  stm32f10x_tim.o(.text)
    TIM_GetPrescaler                         0x08001ec5   Thumb Code     6  stm32f10x_tim.o(.text)
    TIM_GetFlagStatus                        0x08001ecb   Thumb Code    18  stm32f10x_tim.o(.text)
    TIM_ClearFlag                            0x08001edd   Thumb Code     6  stm32f10x_tim.o(.text)
    TIM_GetITStatus                          0x08001ee3   Thumb Code    34  stm32f10x_tim.o(.text)
    TIM_ClearITPendingBit                    0x08001f05   Thumb Code     6  stm32f10x_tim.o(.text)
    __WFI                                    0x08001f0d   Thumb Code     0  cortexm3_macro.o(.text)
    __WFE                                    0x08001f11   Thumb Code     0  cortexm3_macro.o(.text)
    __SEV                                    0x08001f15   Thumb Code     0  cortexm3_macro.o(.text)
    __ISB                                    0x08001f19   Thumb Code     0  cortexm3_macro.o(.text)
    __DSB                                    0x08001f1f   Thumb Code     0  cortexm3_macro.o(.text)
    __DMB                                    0x08001f25   Thumb Code     0  cortexm3_macro.o(.text)
    __SVC                                    0x08001f2b   Thumb Code     0  cortexm3_macro.o(.text)
    __MRS_CONTROL                            0x08001f2f   Thumb Code     0  cortexm3_macro.o(.text)
    __MSR_CONTROL                            0x08001f35   Thumb Code     0  cortexm3_macro.o(.text)
    __MRS_PSP                                0x08001f3f   Thumb Code     0  cortexm3_macro.o(.text)
    __MSR_PSP                                0x08001f45   Thumb Code     0  cortexm3_macro.o(.text)
    __MRS_MSP                                0x08001f4b   Thumb Code     0  cortexm3_macro.o(.text)
    __MSR_MSP                                0x08001f51   Thumb Code     0  cortexm3_macro.o(.text)
    __RESETPRIMASK                           0x08001f57   Thumb Code     0  cortexm3_macro.o(.text)
    __SETPRIMASK                             0x08001f5b   Thumb Code     0  cortexm3_macro.o(.text)
    __READ_PRIMASK                           0x08001f5f   Thumb Code     0  cortexm3_macro.o(.text)
    __SETFAULTMASK                           0x08001f65   Thumb Code     0  cortexm3_macro.o(.text)
    __RESETFAULTMASK                         0x08001f69   Thumb Code     0  cortexm3_macro.o(.text)
    __READ_FAULTMASK                         0x08001f6d   Thumb Code     0  cortexm3_macro.o(.text)
    __BASEPRICONFIG                          0x08001f73   Thumb Code     0  cortexm3_macro.o(.text)
    __GetBASEPRI                             0x08001f79   Thumb Code     0  cortexm3_macro.o(.text)
    __REV_HalfWord                           0x08001f7f   Thumb Code     0  cortexm3_macro.o(.text)
    __REV_Word                               0x08001f83   Thumb Code     0  cortexm3_macro.o(.text)
    Reset_Handler                            0x08001f89   Thumb Code     4  stm32f10x_vector.o(.text)
    __user_initial_stackheap                 0x08001f8d   Thumb Code     0  stm32f10x_vector.o(.text)
    NMIException                             0x08001fad   Thumb Code     2  stm32f10x_it.o(.text)
    HardFaultException                       0x08001faf   Thumb Code     4  stm32f10x_it.o(.text)
    MemManageException                       0x08001fb3   Thumb Code     4  stm32f10x_it.o(.text)
    BusFaultException                        0x08001fb7   Thumb Code     4  stm32f10x_it.o(.text)
    UsageFaultException                      0x08001fbb   Thumb Code     4  stm32f10x_it.o(.text)
    DebugMonitor                             0x08001fbf   Thumb Code     2  stm32f10x_it.o(.text)
    SVCHandler                               0x08001fc1   Thumb Code     2  stm32f10x_it.o(.text)
    PendSVC                                  0x08001fc3   Thumb Code     2  stm32f10x_it.o(.text)
    SysTickHandler                           0x08001fc5   Thumb Code     2  stm32f10x_it.o(.text)
    WWDG_IRQHandler                          0x08001fc7   Thumb Code     2  stm32f10x_it.o(.text)
    PVD_IRQHandler                           0x08001fc9   Thumb Code     2  stm32f10x_it.o(.text)
    TAMPER_IRQHandler                        0x08001fcb   Thumb Code     2  stm32f10x_it.o(.text)
    RTC_IRQHandler                           0x08001fcd   Thumb Code     2  stm32f10x_it.o(.text)
    FLASH_IRQHandler                         0x08001fcf   Thumb Code     2  stm32f10x_it.o(.text)
    RCC_IRQHandler                           0x08001fd1   Thumb Code     2  stm32f10x_it.o(.text)
    EXTI0_IRQHandler                         0x08001fd3   Thumb Code     2  stm32f10x_it.o(.text)
    EXTI1_IRQHandler                         0x08001fd5   Thumb Code     2  stm32f10x_it.o(.text)
    EXTI2_IRQHandler                         0x08001fd7   Thumb Code     2  stm32f10x_it.o(.text)
    EXTI3_IRQHandler                         0x08001fd9   Thumb Code     2  stm32f10x_it.o(.text)
    EXTI4_IRQHandler                         0x08001fdb   Thumb Code     2  stm32f10x_it.o(.text)
    DMA1_Channel1_IRQHandler                 0x08001fdd   Thumb Code     2  stm32f10x_it.o(.text)
    DMA1_Channel2_IRQHandler                 0x08001fdf   Thumb Code     2  stm32f10x_it.o(.text)
    DMA1_Channel3_IRQHandler                 0x08001fe1   Thumb Code     2  stm32f10x_it.o(.text)
    DMA1_Channel4_IRQHandler                 0x08001fe3   Thumb Code     2  stm32f10x_it.o(.text)
    DMA1_Channel5_IRQHandler                 0x08001fe5   Thumb Code     2  stm32f10x_it.o(.text)
    DMA1_Channel6_IRQHandler                 0x08001fe7   Thumb Code     2  stm32f10x_it.o(.text)
    ADC1_2_IRQHandler                        0x08001fe9   Thumb Code     2  stm32f10x_it.o(.text)
    USB_HP_CAN_TX_IRQHandler                 0x08001feb   Thumb Code     2  stm32f10x_it.o(.text)
    USB_LP_CAN_RX0_IRQHandler                0x08001fed   Thumb Code     2  stm32f10x_it.o(.text)
    CAN_RX1_IRQHandler                       0x08001fef   Thumb Code     2  stm32f10x_it.o(.text)
    CAN_SCE_IRQHandler                       0x08001ff1   Thumb Code     2  stm32f10x_it.o(.text)
    EXTI9_5_IRQHandler                       0x08001ff3   Thumb Code     2  stm32f10x_it.o(.text)
    TIM1_BRK_IRQHandler                      0x08001ff5   Thumb Code     2  stm32f10x_it.o(.text)
    TIM1_UP_IRQHandler                       0x08001ff7   Thumb Code     2  stm32f10x_it.o(.text)
    TIM1_TRG_COM_IRQHandler                  0x08001ff9   Thumb Code     2  stm32f10x_it.o(.text)
    TIM1_CC_IRQHandler                       0x08001ffb   Thumb Code     2  stm32f10x_it.o(.text)
    TIM3_IRQHandler                          0x08001ffd   Thumb Code     2  stm32f10x_it.o(.text)
    TIM4_IRQHandler                          0x08001fff   Thumb Code     2  stm32f10x_it.o(.text)
    I2C1_EV_IRQHandler                       0x08002001   Thumb Code     2  stm32f10x_it.o(.text)
    I2C1_ER_IRQHandler                       0x08002003   Thumb Code     2  stm32f10x_it.o(.text)
    I2C2_EV_IRQHandler                       0x08002005   Thumb Code     2  stm32f10x_it.o(.text)
    I2C2_ER_IRQHandler                       0x08002007   Thumb Code     2  stm32f10x_it.o(.text)
    SPI1_IRQHandler                          0x08002009   Thumb Code     2  stm32f10x_it.o(.text)
    SPI2_IRQHandler                          0x0800200b   Thumb Code     2  stm32f10x_it.o(.text)
    USART2_IRQHandler                        0x0800200d   Thumb Code     2  stm32f10x_it.o(.text)
    USART3_IRQHandler                        0x0800200f   Thumb Code     2  stm32f10x_it.o(.text)
    EXTI15_10_IRQHandler                     0x08002011   Thumb Code     2  stm32f10x_it.o(.text)
    RTCAlarm_IRQHandler                      0x08002013   Thumb Code     2  stm32f10x_it.o(.text)
    USBWakeUp_IRQHandler                     0x08002015   Thumb Code     2  stm32f10x_it.o(.text)
    TIM8_BRK_IRQHandler                      0x08002017   Thumb Code     2  stm32f10x_it.o(.text)
    TIM8_UP_IRQHandler                       0x08002019   Thumb Code     2  stm32f10x_it.o(.text)
    TIM8_TRG_COM_IRQHandler                  0x0800201b   Thumb Code     2  stm32f10x_it.o(.text)
    TIM8_CC_IRQHandler                       0x0800201d   Thumb Code     2  stm32f10x_it.o(.text)
    ADC3_IRQHandler                          0x0800201f   Thumb Code     2  stm32f10x_it.o(.text)
    FSMC_IRQHandler                          0x08002021   Thumb Code     2  stm32f10x_it.o(.text)
    SDIO_IRQHandler                          0x08002023   Thumb Code     2  stm32f10x_it.o(.text)
    TIM5_IRQHandler                          0x08002025   Thumb Code     2  stm32f10x_it.o(.text)
    SPI3_IRQHandler                          0x08002027   Thumb Code     2  stm32f10x_it.o(.text)
    UART4_IRQHandler                         0x08002029   Thumb Code     2  stm32f10x_it.o(.text)
    UART5_IRQHandler                         0x0800202b   Thumb Code     2  stm32f10x_it.o(.text)
    TIM6_IRQHandler                          0x0800202d   Thumb Code     2  stm32f10x_it.o(.text)
    TIM7_IRQHandler                          0x0800202f   Thumb Code     2  stm32f10x_it.o(.text)
    DMA2_Channel1_IRQHandler                 0x08002031   Thumb Code     2  stm32f10x_it.o(.text)
    DMA2_Channel2_IRQHandler                 0x08002033   Thumb Code     2  stm32f10x_it.o(.text)
    DMA2_Channel3_IRQHandler                 0x08002035   Thumb Code     2  stm32f10x_it.o(.text)
    DMA2_Channel4_5_IRQHandler               0x08002037   Thumb Code     2  stm32f10x_it.o(.text)
    Delay                                    0x08002039   Thumb Code    12  main.o(.text)
    RCC_Configuration                        0x08002045   Thumb Code   118  main.o(.text)
    Systick_Configuration                    0x080020bb   Thumb Code    32  main.o(.text)
    Delay_Second                             0x080020db   Thumb Code    36  main.o(.text)
    GPIO_init                                0x080020ff   Thumb Code   132  main.o(.text)
    USART_Configuration                      0x08002183   Thumb Code    74  main.o(.text)
    TIM2_init                                0x080021cd   Thumb Code   130  main.o(.text)
    DMA_init                                 0x0800224f   Thumb Code   220  main.o(.text)
    NVIC_Configure                           0x0800232b   Thumb Code   100  main.o(.text)
    WS2812_sendbuf                           0x0800238f   Thumb Code   144  main.o(.text)
    DMA1_Channel7_IRQHandler                 0x0800241f   Thumb Code    86  main.o(.text)
    TIM2_IRQHandler                          0x08002475   Thumb Code   116  main.o(.text)
    WS2812_framedata_setPixel                0x080024e9   Thumb Code   292  main.o(.text)
    WS2812_clean_all_pixel                   0x0800260d   Thumb Code    24  main.o(.text)
    WS2812_framedata_setRow                  0x08002625   Thumb Code    48  main.o(.text)
    WS2812_framedata_setColumn               0x08002655   Thumb Code    48  main.o(.text)
    USART1_IRQHandler                        0x08002685   Thumb Code   212  main.o(.text)
    main                                     0x08002759   Thumb Code    36  main.o(.text)
    atoi                                     0x08002791   Thumb Code    26  atoi.o(.text)
    __use_two_region_memory                  0x080027ab   Thumb Code     2  heapauxi.o(.text)
    __rt_heap_escrow$2region                 0x080027ad   Thumb Code     2  heapauxi.o(.text)
    __rt_heap_expand$2region                 0x080027af   Thumb Code     2  heapauxi.o(.text)
    __aeabi_errno_addr                       0x080027b1   Thumb Code     8  rt_errno_addr_intlibspace.o(.text)
    __errno$intlibspace                      0x080027b1   Thumb Code     0  rt_errno_addr_intlibspace.o(.text)
    __rt_errno_addr$intlibspace              0x080027b1   Thumb Code     0  rt_errno_addr_intlibspace.o(.text)
    strtol                                   0x080027b9   Thumb Code   112  strtol.o(.text)
    __user_libspace                          0x08002829   Thumb Code     8  libspace.o(.text)
    __user_perproc_libspace                  0x08002829   Thumb Code     0  libspace.o(.text)
    __user_perthread_libspace                0x08002829   Thumb Code     0  libspace.o(.text)
    __rt_ctype_table                         0x08002831   Thumb Code    16  rt_ctype_table.o(.text)
    _strtoul                                 0x08002841   Thumb Code   158  _strtoul.o(.text)
    __user_setup_stackheap                   0x080028df   Thumb Code    74  sys_stackheap_outer.o(.text)
    __rt_locale                              0x08002929   Thumb Code     8  rt_locale_intlibspace.o(.text)
    _chval                                   0x08002931   Thumb Code    28  _chval.o(.text)
    exit                                     0x0800294d   Thumb Code    12  exit.o(.text)
    strcmp                                   0x08002959   Thumb Code   128  strcmpv7m.o(.text)
    _sys_exit                                0x080029d9   Thumb Code     8  sys_exit.o(.text)
    __I$use$semihosting                      0x080029e5   Thumb Code     0  use_no_semi.o(.text)
    __use_no_semihosting_swi                 0x080029e5   Thumb Code     2  use_no_semi.o(.text)
    __semihosting_library_function           0x080029e7   Thumb Code     0  indicate_semi.o(.text)
    _get_lc_ctype                            0x080029e9   Thumb Code    44  lc_ctype_c.o(locale$$code)
    Region$$Table$$Base                      0x08002a28   Number         0  anon$$obj.o(Region$$Table)
    Region$$Table$$Limit                     0x08002a48   Number         0  anon$$obj.o(Region$$Table)
    __ctype                                  0x08002a55   Data           0  lc_ctype_c.o(locale$$data)
    WS2812_IO_High                           0x20000000   Data           2  main.o(.data)
    WS2812_IO_Low                            0x20000002   Data           2  main.o(.data)
    WS2812_TC                                0x20000004   Data           1  main.o(.data)
    TIM2_overflows                           0x20000005   Data           1  main.o(.data)
    colors                                   0x20000006   Data          36  main.o(.data)
    WS2812_IO_framedata                      0x2000002c   Data        1248  main.o(.bss)
    __libspace_start                         0x2000051c   Data          96  libspace.o(.bss)
    __temporary_stack_top$libspace           0x2000057c   Data           0  libspace.o(.bss)



==============================================================================

Memory Map of the image

  Image Entry point : 0x08000131

  Load Region LR_IROM1 (Base: 0x08000000, Size: 0x00002b84, Max: 0x00020000, ABSOLUTE)

    Execution Region ER_IROM1 (Base: 0x08000000, Size: 0x00002b58, Max: 0x00020000, ABSOLUTE)

    Base Addr    Size         Type   Attr      Idx    E Section Name        Object

    0x08000000   0x00000130   Data   RO          170    RESET               stm32f10x_vector.o
    0x08000130   0x00000008   Code   RO          219  * !!!main             c_w.l(__main.o)
    0x08000138   0x00000034   Code   RO          396    !!!scatter          c_w.l(__scatter.o)
    0x0800016c   0x0000001a   Code   RO          398    !!handler_copy      c_w.l(__scatter_copy.o)
    0x08000186   0x00000002   PAD
    0x08000188   0x0000001c   Code   RO          400    !!handler_zi        c_w.l(__scatter_zi.o)
    0x080001a4   0x00000002   Code   RO          270    .ARM.Collect$$libinit$$00000000  c_w.l(libinit.o)
    0x080001a6   0x00000000   Code   RO          276    .ARM.Collect$$libinit$$00000002  c_w.l(libinit2.o)
    0x080001a6   0x00000000   Code   RO          279    .ARM.Collect$$libinit$$00000008  c_w.l(libinit2.o)
    0x080001a6   0x00000000   Code   RO          281    .ARM.Collect$$libinit$$0000000A  c_w.l(libinit2.o)
    0x080001a6   0x00000000   Code   RO          283    .ARM.Collect$$libinit$$0000000C  c_w.l(libinit2.o)
    0x080001a6   0x00000006   Code   RO          284    .ARM.Collect$$libinit$$0000000D  c_w.l(libinit2.o)
    0x080001ac   0x00000000   Code   RO          286    .ARM.Collect$$libinit$$0000000F  c_w.l(libinit2.o)
    0x080001ac   0x0000000c   Code   RO          287    .ARM.Collect$$libinit$$00000010  c_w.l(libinit2.o)
    0x080001b8   0x00000000   Code   RO          288    .ARM.Collect$$libinit$$00000011  c_w.l(libinit2.o)
    0x080001b8   0x00000000   Code   RO          290    .ARM.Collect$$libinit$$00000013  c_w.l(libinit2.o)
    0x080001b8   0x00000000   Code   RO          292    .ARM.Collect$$libinit$$00000015  c_w.l(libinit2.o)
    0x080001b8   0x00000000   Code   RO          294    .ARM.Collect$$libinit$$00000017  c_w.l(libinit2.o)
    0x080001b8   0x00000000   Code   RO          296    .ARM.Collect$$libinit$$00000019  c_w.l(libinit2.o)
    0x080001b8   0x00000000   Code   RO          298    .ARM.Collect$$libinit$$0000001B  c_w.l(libinit2.o)
    0x080001b8   0x00000000   Code   RO          300    .ARM.Collect$$libinit$$0000001D  c_w.l(libinit2.o)
    0x080001b8   0x00000000   Code   RO          302    .ARM.Collect$$libinit$$0000001F  c_w.l(libinit2.o)
    0x080001b8   0x00000000   Code   RO          304    .ARM.Collect$$libinit$$00000021  c_w.l(libinit2.o)
    0x080001b8   0x00000000   Code   RO          306    .ARM.Collect$$libinit$$00000023  c_w.l(libinit2.o)
    0x080001b8   0x00000000   Code   RO          310    .ARM.Collect$$libinit$$0000002A  c_w.l(libinit2.o)
    0x080001b8   0x00000000   Code   RO          312    .ARM.Collect$$libinit$$0000002C  c_w.l(libinit2.o)
    0x080001b8   0x00000000   Code   RO          314    .ARM.Collect$$libinit$$0000002E  c_w.l(libinit2.o)
    0x080001b8   0x00000000   Code   RO          316    .ARM.Collect$$libinit$$00000030  c_w.l(libinit2.o)
    0x080001b8   0x00000002   Code   RO          317    .ARM.Collect$$libinit$$00000031  c_w.l(libinit2.o)
    0x080001ba   0x00000002   Code   RO          337    .ARM.Collect$$libshutdown$$00000000  c_w.l(libshutdown.o)
    0x080001bc   0x00000000   Code   RO          351    .ARM.Collect$$libshutdown$$00000003  c_w.l(libshutdown2.o)
    0x080001bc   0x00000000   Code   RO          354    .ARM.Collect$$libshutdown$$00000006  c_w.l(libshutdown2.o)
    0x080001bc   0x00000000   Code   RO          357    .ARM.Collect$$libshutdown$$00000009  c_w.l(libshutdown2.o)
    0x080001bc   0x00000000   Code   RO          359    .ARM.Collect$$libshutdown$$0000000B  c_w.l(libshutdown2.o)
    0x080001bc   0x00000000   Code   RO          362    .ARM.Collect$$libshutdown$$0000000E  c_w.l(libshutdown2.o)
    0x080001bc   0x00000002   Code   RO          363    .ARM.Collect$$libshutdown$$0000000F  c_w.l(libshutdown2.o)
    0x080001be   0x00000000   Code   RO          221    .ARM.Collect$$rtentry$$00000000  c_w.l(rtentry.o)
    0x080001be   0x00000000   Code   RO          233    .ARM.Collect$$rtentry$$00000002  c_w.l(rtentry2.o)
    0x080001be   0x00000006   Code   RO          245    .ARM.Collect$$rtentry$$00000004  c_w.l(rtentry4.o)
    0x080001c4   0x00000000   Code   RO          235    .ARM.Collect$$rtentry$$00000009  c_w.l(rtentry2.o)
    0x080001c4   0x00000004   Code   RO          236    .ARM.Collect$$rtentry$$0000000A  c_w.l(rtentry2.o)
    0x080001c8   0x00000000   Code   RO          238    .ARM.Collect$$rtentry$$0000000C  c_w.l(rtentry2.o)
    0x080001c8   0x00000008   Code   RO          239    .ARM.Collect$$rtentry$$0000000D  c_w.l(rtentry2.o)
    0x080001d0   0x00000002   Code   RO          271    .ARM.Collect$$rtexit$$00000000  c_w.l(rtexit.o)
    0x080001d2   0x00000000   Code   RO          319    .ARM.Collect$$rtexit$$00000002  c_w.l(rtexit2.o)
    0x080001d2   0x00000004   Code   RO          320    .ARM.Collect$$rtexit$$00000003  c_w.l(rtexit2.o)
    0x080001d6   0x00000006   Code   RO          321    .ARM.Collect$$rtexit$$00000004  c_w.l(rtexit2.o)
    0x080001dc   0x00000244   Code   RO            1    .text               stm32f10x_dma.o
    0x08000420   0x00000048   Code   RO           33    .text               stm32f10x_flash.o
    0x08000468   0x00000330   Code   RO           48    .text               stm32f10x_gpio.o
    0x08000798   0x000000c2   Code   RO           63    .text               stm32f10x_systick.o
    0x0800085a   0x00000002   PAD
    0x0800085c   0x000003a0   Code   RO          102    .text               stm32f10x_rcc.o
    0x08000bfc   0x000003d8   Code   RO          128    .text               stm32f10x_nvic.o
    0x08000fd4   0x00000370   Code   RO          140    .text               stm32f10x_usart.o
    0x08001344   0x00000bc6   Code   RO          152    .text               stm32f10x_tim.o
    0x08001f0a   0x00000002   PAD
    0x08001f0c   0x0000007a   Code   RO          164    .text               cortexm3_macro.o
    0x08001f86   0x00000002   PAD
    0x08001f88   0x00000024   Code   RO          171    .text               stm32f10x_vector.o
    0x08001fac   0x0000008c   Code   RO          175    .text               stm32f10x_it.o
    0x08002038   0x00000758   Code   RO          190    .text               main.o
    0x08002790   0x0000001a   Code   RO          215    .text               c_w.l(atoi.o)
    0x080027aa   0x00000006   Code   RO          217    .text               c_w.l(heapauxi.o)
    0x080027b0   0x00000008   Code   RO          225    .text               c_w.l(rt_errno_addr_intlibspace.o)
    0x080027b8   0x00000070   Code   RO          227    .text               c_w.l(strtol.o)
    0x08002828   0x00000008   Code   RO          229    .text               c_w.l(libspace.o)
    0x08002830   0x00000010   Code   RO          247    .text               c_w.l(rt_ctype_table.o)
    0x08002840   0x0000009e   Code   RO          249    .text               c_w.l(_strtoul.o)
    0x080028de   0x0000004a   Code   RO          251    .text               c_w.l(sys_stackheap_outer.o)
    0x08002928   0x00000008   Code   RO          256    .text               c_w.l(rt_locale_intlibspace.o)
    0x08002930   0x0000001c   Code   RO          258    .text               c_w.l(_chval.o)
    0x0800294c   0x0000000c   Code   RO          263    .text               c_w.l(exit.o)
    0x08002958   0x00000080   Code   RO          273    .text               c_w.l(strcmpv7m.o)
    0x080029d8   0x0000000c   Code   RO          329    .text               c_w.l(sys_exit.o)
    0x080029e4   0x00000002   Code   RO          340    .text               c_w.l(use_no_semi.o)
    0x080029e6   0x00000000   Code   RO          342    .text               c_w.l(indicate_semi.o)
    0x080029e6   0x00000002   PAD
    0x080029e8   0x0000002c   Code   RO          261    locale$$code        c_w.l(lc_ctype_c.o)
    0x08002a14   0x00000014   Data   RO          103    .constdata          stm32f10x_rcc.o
    0x08002a28   0x00000020   Data   RO          394    Region$$Table       anon$$obj.o
    0x08002a48   0x00000110   Data   RO          260    locale$$data        c_w.l(lc_ctype_c.o)


    Execution Region RW_IRAM1 (Base: 0x20000000, Size: 0x00000d80, Max: 0x00005000, ABSOLUTE)

    Base Addr    Size         Type   Attr      Idx    E Section Name        Object

    0x20000000   0x0000002b   Data   RW          192    .data               main.o
    0x2000002b   0x00000001   PAD
    0x2000002c   0x000004f0   Zero   RW          191    .bss                main.o
    0x2000051c   0x00000060   Zero   RW          230    .bss                c_w.l(libspace.o)
    0x2000057c   0x00000004   PAD
    0x20000580   0x00000400   Zero   RW          169    HEAP                stm32f10x_vector.o
    0x20000980   0x00000400   Zero   RW          168    STACK               stm32f10x_vector.o


==============================================================================

Image component sizes


      Code (inc. data)   RO Data    RW Data    ZI Data      Debug   Object Name

       122          0          0          0          0        340   cortexm3_macro.o
      1880         72          0         43       1264       5487   main.o
       580         16          0          0          0     197290   stm32f10x_dma.o
        72          6          0          0          0        812   stm32f10x_flash.o
       816         18          0          0          0      11335   stm32f10x_gpio.o
       140          0          0          0          0       7025   stm32f10x_it.o
         0          0          0          0          0      35820   stm32f10x_lib.o
       984         30          0          0          0       7016   stm32f10x_nvic.o
       928         36         20          0          0       8512   stm32f10x_rcc.o
       194          0          0          0          0       1537   stm32f10x_systick.o
      3014         16          0          0          0      23444   stm32f10x_tim.o
       880         12          0          0          0       7535   stm32f10x_usart.o
        36         22        304          0       2048        324   stm32f10x_vector.o

    ----------------------------------------------------------------------
      9652        228        356         44       3312     306477   Object Totals
         0          0         32          0          0          0   (incl. Generated)
         6          0          0          1          0          0   (incl. Padding)

    ----------------------------------------------------------------------

      Code (inc. data)   RO Data    RW Data    ZI Data      Debug   Library Member Name

         8          0          0          0          0         68   __main.o
        52          8          0          0          0          0   __scatter.o
        26          0          0          0          0          0   __scatter_copy.o
        28          0          0          0          0          0   __scatter_zi.o
        28          0          0          0          0         68   _chval.o
       158          0          0          0          0         92   _strtoul.o
        26          0          0          0          0         80   atoi.o
        12          0          0          0          0         72   exit.o
         6          0          0          0          0        152   heapauxi.o
         0          0          0          0          0          0   indicate_semi.o
        44         10        272          0          0         76   lc_ctype_c.o
         2          0          0          0          0          0   libinit.o
        20          0          0          0          0          0   libinit2.o
         2          0          0          0          0          0   libshutdown.o
         2          0          0          0          0          0   libshutdown2.o
         8          4          0          0         96         68   libspace.o
        16          4          0          0          0         76   rt_ctype_table.o
         8          4          0          0          0         68   rt_errno_addr_intlibspace.o
         8          4          0          0          0         68   rt_locale_intlibspace.o
         0          0          0          0          0          0   rtentry.o
        12          0          0          0          0          0   rtentry2.o
         6          0          0          0          0          0   rtentry4.o
         2          0          0          0          0          0   rtexit.o
        10          0          0          0          0          0   rtexit2.o
       128          0          0          0          0         68   strcmpv7m.o
       112          0          0          0          0         88   strtol.o
        12          4          0          0          0         68   sys_exit.o
        74          0          0          0          0         80   sys_stackheap_outer.o
         2          0          0          0          0         68   use_no_semi.o

    ----------------------------------------------------------------------
       816         38        272          0        100       1260   Library Totals
         4          0          0          0          4          0   (incl. Padding)

    ----------------------------------------------------------------------

      Code (inc. data)   RO Data    RW Data    ZI Data      Debug   Library Name

       812         38        272          0         96       1260   c_w.l

    ----------------------------------------------------------------------
       816         38        272          0        100       1260   Library Totals

    ----------------------------------------------------------------------

==============================================================================


      Code (inc. data)   RO Data    RW Data    ZI Data      Debug   

     10468        266        628         44       3412     305913   Grand Totals
     10468        266        628         44       3412     305913   ELF Image Totals
     10468        266        628         44          0          0   ROM Totals

==============================================================================

    Total RO  Size (Code + RO Data)                11096 (  10.84kB)
    Total RW  Size (RW Data + ZI Data)              3456 (   3.38kB)
    Total ROM Size (Code + RO Data + RW Data)      11140 (  10.88kB)

==============================================================================

